-- frame:6: -------------------------------------------------------------------

  x = 5

  if x == 5:
    print( "x  5" )

  else:
    print( "x no  5" )


-- frame:7: -------------------------------------------------------------------

  def par( n ):

    if n % 2 == 0:
      print( n, ' par')

    else:
      print( n, 'no  par')


-- frame:8: -------------------------------------------------------------------

  par(2)
  2  par

  par(3)
  3 no  par


-- frame:16: -------------------------------------------------------------------

  for n in range(1, 11):

    v = 7 * n

    print( f" 7 x {n:2d} = {v:2d}")


-- frame:17: -------------------------------------------------------------------

  vogais = [ "a", "e", "i", "o", "u" ]

  for v in vogais:

    print( v )


-- frame:20: -------------------------------------------------------------------

  def fatorial( n ):

    f = 1

    for k in range( 1, n+1 ):
      f = f * k

    return f


-- frame:24: -------------------------------------------------------------------

  def fatorial_2( n ):

    f = 1

    while n > 1:
      f = f * n
      n = n - 1

    return f


