-- frame:4: -------------------------------------------------------------------

import numpy as np


-- frame:6: -------------------------------------------------------------------

  x = np.array( [ 1, 2, 5, 6, 7 ] )
  print(x)


-- frame:6: -------------------------------------------------------------------

  u = np.linspace( -5, 5, 100 )
  print(u)


-- frame:6: -------------------------------------------------------------------

  v = np.zeros( (5, 7) )
  print(v)


-- frame:6: -------------------------------------------------------------------

  w = np.arange( 0, 1, 0.1)
  print(w)


-- frame:7: -------------------------------------------------------------------

P=np.array([[1, 2], [3, 4]])
print(P)


-- frame:7: -------------------------------------------------------------------

Q=np.array([[10, 20, 30], [11, 21, 31], [12, 22, 33]])
print(Q)


-- frame:8: -------------------------------------------------------------------

Z = np.zeros( (2, 3) )
print(Z)


-- frame:8: -------------------------------------------------------------------

U = np.ones( (3, 2) )
print(U)


-- frame:8: -------------------------------------------------------------------

I = np.eye( 3 )
print(I)


-- frame:8: -------------------------------------------------------------------

D = np.diag( [1, 2, 3] )
print(D)


-- frame:10: -------------------------------------------------------------------

  y = x**2 + 2*x - 3
  print(y)


-- frame:10: -------------------------------------------------------------------

  f = np.sin(x)
  print(f)


-- frame:10: -------------------------------------------------------------------

  g = np.exp(x)
  print(g)


-- frame:11: -------------------------------------------------------------------

A = np.array( [ [1, 2] , [3, 4] ] )

B = np.array( [ [5, 6] , [7, 8] ] )

print(A)
print(B)


-- frame:12: -------------------------------------------------------------------

  print(A + B)


-- frame:12: -------------------------------------------------------------------

  print(A - B)


-- frame:12: -------------------------------------------------------------------

  print(A * B)


-- frame:12: -------------------------------------------------------------------

  print(A / B)


-- frame:13: -------------------------------------------------------------------

  print(A @ B)


-- frame:13: -------------------------------------------------------------------

  print(A.T)


-- frame:15: -------------------------------------------------------------------

  import numpy as np

  import numpy.linalg as la


-- frame:15: -------------------------------------------------------------------

  det_A = la.det( A )

  print(det_A)


-- frame:16: -------------------------------------------------------------------

  inv_A = la.inv( A )

  print(inv_A)


-- frame:16: -------------------------------------------------------------------

  print(A * inv_A)


-- frame:16: -------------------------------------------------------------------

  print(A @ inv_A)


-- frame:17: -------------------------------------------------------------------

  b = np.array( [5 , 6] )
  print(b)


-- frame:17: -------------------------------------------------------------------

  x = la.solve( A, b )
  print(x)


-- frame:17: -------------------------------------------------------------------

  print(A @ x - b)


-- frame:18: -------------------------------------------------------------------

  A = np.random.rand(7, 7)
  print(A)


-- frame:18: -------------------------------------------------------------------

  b = np.random.rand(7, 1)
  print(b)


-- frame:18: -------------------------------------------------------------------

  x = la.solve( A, b )
  print(x)


-- frame:18: -------------------------------------------------------------------

  print(A @ x - b)


