-- frame:5: -------------------------------------------------------------------

Modo matemtico na linha $x=\alpha^2$ e destacado
\[
  \alpha = \frac{1}{n^2} \sum_{k=1}^{n} k^2.
\]


-- frame:6: -------------------------------------------------------------------

Escrevendo uma equao numerada
\begin{equation}
  \alpha = \frac{1}{n^2} \sum_{k=1}^{n} k^2.
\end{equation}


-- frame:7: -------------------------------------------------------------------

\begin{equation}
  \alpha = \frac{1}{n^2} \sum_{k=1}^{n} k^2.
  \label{eq:exemplo}
\end{equation}
Citando a equao~(\ref{eq:exemplo}).


-- frame:8: -------------------------------------------------------------------

\begin{equation}
  \alpha = \frac{1}{n^2} \sum_{k=1}^{n} k^2.
  \label{eq:exemplo_2}
\end{equation}
Citando a equao~\eqref{eq:exemplo_2}.


-- frame:15: -------------------------------------------------------------------

  \[
    x^{n+1}_{k+1} = \frac{A^n+n^2}{G^k-(k+1)!}.
  \]


-- frame:16: -------------------------------------------------------------------

\[
  x^{n+1}_{k+1} = ( \frac{A^n+n^2}{G^k-(k+1)!} + M )
                    \frac{n}{k}.
\]


-- frame:17: -------------------------------------------------------------------

\[
  x^{n+1}_{k+1} = \left(
                      \frac{A^n+n^2}{G^k-(k+1)!} + M
                  \right)
                  \frac{n}{k}.
\]


-- frame:18: -------------------------------------------------------------------

\[
  A = \left[
        \begin{array}{cc}
          \sin \alpha & \sec \beta  \\
          \cos \gamma & \tan \lambda
        \end{array}
      \right].
\]


-- frame:20: -------------------------------------------------------------------

\[
  x > 3 \Rightarrow x > 2
\]


-- frame:21: -------------------------------------------------------------------

\[
  x > 3 \qquad \Rightarrow \qquad x > 2
\]


-- frame:22: -------------------------------------------------------------------

\begin{gather}
  a = 2x - 5y + 8,    \\
  b = 9y - \sqrt{x}.
\end{gather}


-- frame:23: -------------------------------------------------------------------

\begin{gather*}
  a = 2x - 5y + 8,    \\
  b = 9y - \sqrt{x}.
\end{gather*}


-- frame:24: -------------------------------------------------------------------

\begin{gather}
  a = 2x - 5y + 8,    \nonumber \\
  b = 9y - \sqrt{x}.
\end{gather}


-- frame:25: -------------------------------------------------------------------

\begin{align}
	2x - 5y & =   8, \\
	9y      & = -12.
\end{align}


-- frame:26: -------------------------------------------------------------------

\begin{align*}
    x & = y     &     w & = z      &    a & = b+c \\
   2x & =-y     &    3w & = 2z     &    a & = b   \\
-4+5x & = 2+y   &   w+2 & = -1+w   &   ab & = cb
\end{align*}


-- frame:27: -------------------------------------------------------------------

\begin{multline*}
    p(x) = 3x^6 + 14x^5y + 590x^4y^2 + 19x^3y^3 \\
         -12x^2y^4 - 12xy^5 + 2y^6 - a^3b^3.
\end{multline*}


-- frame:28: -------------------------------------------------------------------

\[
  |x| = \begin{cases}
        	 x & \text{se } x \geq 0 \\
        	-x & \text{se } x < 0
        \end{cases}
\]


-- frame:29: -------------------------------------------------------------------

\[
  f(x) = \sin(x) + \cos(2x) - \ln(xy)
\]


-- frame:29: -------------------------------------------------------------------

\[
  f(x) = sen(x) + cos(2x) - ln(xy)
\]


-- frame:30: -------------------------------------------------------------------

\DeclareMathOperator{\angulo}{\hat{a}ngulo}

\begin{}


-- frame:30: -------------------------------------------------------------------

\[
  \angulo(v,w) = \arccos\left(\frac{v\cdot w}{|v| \, |w|}\right)
\]


-- frame:31: -------------------------------------------------------------------

\newcommand{\}{\lim_{x\to\infty}}

\begin{document}


-- frame:31: -------------------------------------------------------------------

\[
  \ \frac{1}{x} = 0
\]


